// Jest Snapshot v1, https://goo.gl/fbAQLP

exports[`Textarea basic snapshot render 1`] = `
<label
  className="sc-bdVaJa gtRYUw"
  htmlFor="title"
>
  The Textarea Title
  <textarea
    id="title"
    name="title"
    onBlur={[Function]}
    onChange={[Function]}
    rows={5}
    value=""
  />
</label>
`;
