// Jest Snapshot v1, https://goo.gl/fbAQLP

exports[`InputBox basic snapshot render 1`] = `
<label
  className="sc-bdVaJa dFdldb"
  htmlFor="title"
>
  The Input Title
  <input
    id="title"
    name="title"
    onBlur={[Function]}
    onChange={[Function]}
    type="text"
    value=""
  />
</label>
`;
