// Jest Snapshot v1, https://goo.gl/fbAQLP

exports[`RecipeCard basic snapshot render 1`] = `
<li
  className="sc-bwzfXH kogDHX"
>
  <figure>
    <aside />
    <figcaption>
      <h3>
        fake_title
      </h3>
    </figcaption>
  </figure>
  <section
    className="sc-bdVaJa dyQPNL"
  >
    <mark>
      ★
    </mark>
    <mark>
      ★
    </mark>
    <mark>
      ★
    </mark>
    <mark>
      ★
    </mark>
  </section>
  <p>
    fake_description
  </p>
</li>
`;
