// Jest Snapshot v1, https://goo.gl/fbAQLP

exports[`RecipeGrid basic snapshot render 1`] = `
<ul
  className="sc-bxivhb dWwryP"
>
  <li
    className="sc-bwzfXH juCrAB"
  >
    <figure>
      <img
        alt="fake_title1"
        src="fake_alt_text1"
      />
      <figcaption>
        <h3>
          fake_title1
        </h3>
      </figcaption>
    </figure>
    <section
      className="sc-bdVaJa dyQPNL"
    >
      <mark>
        ★
      </mark>
      <mark>
        ★
      </mark>
      <mark>
        ★
      </mark>
      <mark>
        ★
      </mark>
    </section>
    <p>
      fake_description1
    </p>
  </li>
  <li
    className="sc-bwzfXH juCrAB"
  >
    <figure>
      <img
        alt="fake_title2"
        src="fake_alt_text2"
      />
      <figcaption>
        <h3>
          fake_title2
        </h3>
      </figcaption>
    </figure>
    <section
      className="sc-bdVaJa dyQPNL"
    >
      <mark>
        ★
      </mark>
      <mark>
        ★
      </mark>
      <mark>
        ★
      </mark>
    </section>
    <p>
      fake_description2
    </p>
  </li>
</ul>
`;
