// Jest Snapshot v1, https://goo.gl/fbAQLP

exports[`ImageSelector basic snapshot render 1`] = `
<label
  className="sc-bdVaJa iVTLGX"
  htmlFor="title"
>
  The Image Selector Title
  <input
    accept="image/*"
    id="title"
    name="title"
    onChange={[Function]}
    type="file"
  />
  <img
    src="value"
  />
  <div
    className="red"
  />
</label>
`;
