// Jest Snapshot v1, https://goo.gl/fbAQLP

exports[`ImageSelector basic snapshot render 1`] = `
<label
  className="sc-bwzfXH bQmCbj"
  htmlFor="title"
>
  The Image Selector Title
  <input
    accept="image/jpeg,image/png"
    hidden={true}
    id="title"
    name="title"
    onChange={[Function]}
    type="file"
  />
  <figure>
    <img
      src="value"
    />
  </figure>
  <div
    className="red"
  />
</label>
`;
